COMMENT
COMMENT
IDENTIFIER s1
COLON
STRING
ASSIGN
