IDENTIFIER x
COLON
STRING
STRING_LITERAL hello this is
IDENTIFIER not
IDENTIFIER a
STRING
