STRING_LITERAL 
STRING_LITERAL 
COMMENT
STRING_LITERAL '
