INTEGER_LITERAL 1231234
EXPONENT
SEMICOLON
LPAREN
MINUS
INTEGER_LITERAL 1232
RPAREN
INTEGER_LITERAL 123
