IDENTIFIER _this_is_an_id
IDENTIFIER this_1s_t00
IDENTIFIER thisis
