COMMENT
IDENTIFIER c
COLON
CHAR
ASSIGN
CHARACTER_LITERAL "
IDENTIFIER c
COLON
CHAR
ASSIGN
CHARACTER_LITERAL 0
SEMICOLON
IDENTIFIER c
ASSIGN
CHARACTER_LITERAL 
SEMICOLON
IDENTIFIER c
ASSIGN
CHARACTER_LITERAL '
SEMICOLON
