COMMENT
INTEGER_LITERAL 7
AND
INTEGER_LITERAL 4
SEMICOLON
INTEGER_LITERAL 4
NE
INTEGER_LITERAL 4
SEMICOLON
INTEGER_LITERAL 5
GE
INTEGER_LITERAL 2
SEMICOLON
INTEGER_LITERAL 6
LE
INTEGER_LITERAL 2
SEMICOLON
TRUE
EQ
FALSE
SEMICOLON
TRUE
OR
FALSE
SEMICOLON
NEGATION
LPAREN
FALSE
RPAREN
