COMMENT
COMMENT
IDENTIFIER _12345678901234567890123456789012345678901234567890123456789012345678901234567890123456789012345678901234567890123456789012345678901234567890123456789012345678901234567890123456789012345678901234567890123456789012345678901234567890123456789012345678901234
IDENTIFIER _can_start_with_underscore
IDENTIFIER c090393023s_ds
IDENTIFIER _cds9112
IDENTIFIER p
IDENTIFIER _
IDENTIFIER ALL_CAPS
