COMMENT
INTEGER_LITERAL 5
PLUS
INTEGER_LITERAL 2
SEMICOLON
INTEGER_LITERAL 3
INCREMENT
INTEGER_LITERAL 1
SEMICOLON
INTEGER_LITERAL 4
INCREMENT
MINUS
INTEGER_LITERAL 1
SEMICOLON
INTEGER_LITERAL 8
DECREMENT
MINUS
INTEGER_LITERAL 2
SEMICOLON
INTEGER_LITERAL 8
STAR
INTEGER_LITERAL 7
SEMICOLON
LPAREN
INTEGER_LITERAL 6
EXPONENT
INTEGER_LITERAL 3
RPAREN
SEMICOLON
LPAREN
LPAREN
INTEGER_LITERAL 7
SLASH
INTEGER_LITERAL 1
RPAREN
RPAREN
SEMICOLON
