COMMENT
IDENTIFIER b
COLON
BOOLEAN
ASSIGN
IDENTIFIER int
SEMICOLON
TRUE
SEMICOLON
FALSE
COMMA
IDENTIFIER True
SEMICOLON
STRING_LITERAL 0
