COMMENT
IDENTIFIER x
COLON
INTEGER
SEMICOLON
INTEGER
COLON
INTEGER_LITERAL 50023
IDENTIFIER e342
ARRAY
LSQBRACKET
INTEGER_LITERAL 3
RSQBRACKET
INTEGER
LBRACKET
INTEGER_LITERAL 1
COMMA
INTEGER_LITERAL 2
COMMA
INTEGER_LITERAL 3
COMMA
INTEGER_LITERAL 5
RBRACKET
