COMMENT
IDENTIFIER ar
COLON
ARRAY
LSQBRACKET
RSQBRACKET
IDENTIFIER f
COLON
FUNCTION
LPAREN
RPAREN
WHILE
LPAREN
INTEGER_LITERAL 1
GT
INTEGER_LITERAL 2
RPAREN
IF
LPAREN
IDENTIFIER x
LT
INTEGER_LITERAL 2
RPAREN
RETURN
VOID
ELSE
PRINT
STRING_LITERAL x
COMMA
INTEGER_LITERAL 5
COMMA
STRING_LITERAL five
