COMMENT
COMMENT
IDENTIFIER s1
COLON
STRING
ASSIGN
STRING_LITERAL 1234567890123456789012345678901234567890123456789012345678901234567890123456789012345678901234567890123456789012345678901234567890123456789012345678901234567890123456789012345678901234567890123456789012345678901234567890123456789012345678901234567890123
COMMENT
IDENTIFIER s2
COLON
STRING
ASSIGN
STRING_LITERAL 123456789o123456789o123456789o123456789o123456789o123456789o123456789o123456789o123456789o123456789o123456789o123456789o123456789o123456789o123456789o123456789o123456789o123456789o123456789o123456789o123456789o123456789o123456789o123456789o123456789o123
