COMMENT
COMMA
COMMENT
SEMICOLON
COMMENT
IDENTIFIER beforeComment
COMMENT
IDENTIFIER afterComment
