COMMENT
IDENTIFIER x
COLON
INTEGER
SEMICOLON
FOR
LPAREN
IDENTIFIER x
ASSIGN
INTEGER_LITERAL 0
SEMICOLON
IDENTIFIER x
LT
INTEGER_LITERAL 5
SEMICOLON
IDENTIFIER x
INCREMENT
RPAREN
LBRACKET
PRINT
STRING_LITERAL counting: 
COMMA
IDENTIFIER x
SEMICOLON
RBRACKET
IDENTIFIER a
COLON
INTEGER
ASSIGN
INTEGER_LITERAL 0
SEMICOLON
WHILE
LPAREN
IDENTIFIER a
GT
INTEGER_LITERAL 0
RPAREN
LBRACKET
IDENTIFIER a
DECREMENT
SEMICOLON
RBRACKET
