COMMENT
IF
LPAREN
IDENTIFIER a
GE
INTEGER_LITERAL 5
RPAREN
LBRACKET
PRINT
STRING_LITERAL a >= 5
SEMICOLON
RBRACKET
IF
LPAREN
IDENTIFIER a
GT
INTEGER_LITERAL 5
RPAREN
LBRACKET
PRINT
STRING_LITERAL a > 5
SEMICOLON
RBRACKET
IF
LPAREN
IDENTIFIER a
LE
INTEGER_LITERAL 5
RPAREN
LBRACKET
PRINT
STRING_LITERAL a <= 5
SEMICOLON
RBRACKET
IF
LPAREN
IDENTIFIER a
LT
INTEGER_LITERAL 5
RPAREN
LBRACKET
PRINT
STRING_LITERAL a < 5
SEMICOLON
RBRACKET
IF
LPAREN
IDENTIFIER a
EQ
INTEGER_LITERAL 5
RPAREN
LBRACKET
PRINT
STRING_LITERAL a == 5
SEMICOLON
RBRACKET
IF
LPAREN
IDENTIFIER a
NE
INTEGER_LITERAL 5
RPAREN
LBRACKET
PRINT
STRING_LITERAL a != 5
SEMICOLON
RBRACKET
IDENTIFIER a
ASSIGN
INTEGER_LITERAL 5
SEMICOLON
COMMENT
IF
LPAREN
IDENTIFIER a
OR
IDENTIFIER b
RPAREN
LBRACKET
PRINT
STRING_LITERAL  a || b is true
SEMICOLON
RBRACKET
IF
LPAREN
IDENTIFIER a
AND
IDENTIFIER b
RPAREN
LBRACKET
PRINT
STRING_LITERAL  a && b is true
SEMICOLON
RBRACKET
