IDENTIFIER intFunction
COLON
FUNCTION
INTEGER
LPAREN
IDENTIFIER intVar
COLON
INTEGER
COMMA
IDENTIFIER boolVar
COLON
BOOLEAN
RPAREN
LBRACKET
IF
LPAREN
IDENTIFIER boolVar
RPAREN
LBRACKET
IDENTIFIER intVar
ASSIGN
IDENTIFIER intVar
STAR
INTEGER_LITERAL 2
SEMICOLON
RBRACKET
RETURN
IDENTIFIER intVar
SEMICOLON
RBRACKET
COMMENT
IDENTIFIER getLargest
COLON
FUNCTION
INTEGER
LPAREN
IDENTIFIER intArrVar
COLON
ARRAY
LSQBRACKET
RSQBRACKET
INTEGER
COMMA
IDENTIFIER int
IDENTIFIER len
RPAREN
ASSIGN
LBRACKET
IDENTIFIER largest
COLON
INTEGER
ASSIGN
INTEGER_LITERAL 0
SEMICOLON
IDENTIFIER x
COLON
INTEGER
SEMICOLON
FOR
LPAREN
IDENTIFIER x
ASSIGN
INTEGER_LITERAL 0
SEMICOLON
IDENTIFIER x
LT
IDENTIFIER len
SEMICOLON
IDENTIFIER x
INCREMENT
RPAREN
LBRACKET
IF
LPAREN
IDENTIFIER intArrVar
LSQBRACKET
IDENTIFIER x
RSQBRACKET
GT
IDENTIFIER largest
RPAREN
LBRACKET
IDENTIFIER largest
ASSIGN
IDENTIFIER intArrVar
LSQBRACKET
IDENTIFIER x
RSQBRACKET
SEMICOLON
RBRACKET
RBRACKET
RETURN
IDENTIFIER largest
SEMICOLON
RBRACKET
IDENTIFIER main
COLON
FUNCTION
INTEGER
LPAREN
IDENTIFIER argc
COLON
INTEGER
COMMA
IDENTIFIER argv
COLON
ARRAY
LSQBRACKET
RSQBRACKET
STRING
RPAREN
ASSIGN
LBRACKET
IDENTIFIER b
COLON
ARRAY
LSQBRACKET
INTEGER_LITERAL 10
RSQBRACKET
INTEGER
ASSIGN
LBRACKET
INTEGER_LITERAL 0
COMMA
INTEGER_LITERAL 1
COMMA
INTEGER_LITERAL 2
COMMA
INTEGER_LITERAL 3
COMMA
INTEGER_LITERAL 4
COMMA
INTEGER_LITERAL 5
RBRACKET
SEMICOLON
IDENTIFIER b
LSQBRACKET
INTEGER_LITERAL 4
RSQBRACKET
ASSIGN
INTEGER_LITERAL 6
SEMICOLON
IDENTIFIER i
COLON
INTEGER
SEMICOLON
IDENTIFIER z
COLON
INTEGER
ASSIGN
IDENTIFIER intFunction
LPAREN
IDENTIFIER i
COMMA
TRUE
RPAREN
SEMICOLON
PRINT
IDENTIFIER intArrFunction
LPAREN
IDENTIFIER v
COMMA
IDENTIFIER z
RPAREN
SEMICOLON
RBRACKET
