COMMENT
IDENTIFIER str
COLON
STRING
ASSIGN
STRING_LITERAL 
SEMICOLON
IDENTIFIER str
COLON
STRING
ASSIGN
STRING_LITERAL hello this is a string!
SEMICOLON
IDENTIFIER str
COLON
STRING
ASSIGN
STRING_LITERAL hello this is 1 a string!
SEMICOLON
IDENTIFIER str
COLON
STRING
ASSIGN
STRING_LITERAL 11234567891123456789112345678911234567891123456789112345678911234567891123456789112345678911234567891123456789112345678911234567891123456789112345678911234567
COMMENT
