COMMENT
IDENTIFIER f
COLON
ARRAY
LSQBRACKET
INTEGER_LITERAL 5
RSQBRACKET
INTEGER
ASSIGN
LBRACKET
INTEGER_LITERAL 1
COMMA
INTEGER_LITERAL 2
COMMA
INTEGER_LITERAL 3
COMMA
INTEGER_LITERAL 4
COMMA
INTEGER_LITERAL 5
RBRACKET
SEMICOLON
IDENTIFIER f
COLON
ARRAY
LSQBRACKET
INTEGER_LITERAL 5
RSQBRACKET
CHAR
ASSIGN
LBRACKET
CHARACTER_LITERAL a
COMMA
CHARACTER_LITERAL b
COMMA
CHARACTER_LITERAL c
COMMA
CHARACTER_LITERAL d
COMMA
CHARACTER_LITERAL e
RBRACKET
SEMICOLON
IDENTIFIER f
COLON
ARRAY
LSQBRACKET
INTEGER_LITERAL 5
RSQBRACKET
BOOLEAN
ASSIGN
LBRACKET
FALSE
COMMA
FALSE
COMMA
TRUE
COMMA
TRUE
COMMA
TRUE
RBRACKET
SEMICOLON
IDENTIFIER f
COLON
ARRAY
LSQBRACKET
RSQBRACKET
STRING
ASSIGN
LBRACKET
STRING_LITERAL this
COMMA
STRING_LITERAL i
COMMA
STRING_LITERAL s
COMMA
STRING_LITERAL a,
COMMA
STRING_LITERAL test
COMMA
STRING_LITERAL .
RBRACKET
SEMICOLON
