COMMENT
IDENTIFIER z
ASSIGN
MINUS
IDENTIFIER x
SEMICOLON
COMMENT
IDENTIFIER x
EXPONENT
INTEGER_LITERAL 2
SEMICOLON
COMMENT
COMMENT
IDENTIFIER x
EXPONENT
INTEGER_LITERAL 2
IDENTIFIER z
NE
IDENTIFIER x
MOD
INTEGER_LITERAL 2
IDENTIFIER z
ASSIGN
INTEGER_LITERAL 5
PLUS
INTEGER_LITERAL 6
SEMICOLON
IDENTIFIER z
ASSIGN
INTEGER_LITERAL 5
STAR
INTEGER_LITERAL 6
SEMICOLON
IDENTIFIER z
ASSIGN
INTEGER_LITERAL 5
MINUS
INTEGER_LITERAL 6
SEMICOLON
IDENTIFIER z
ASSIGN
INTEGER_LITERAL 5
SLASH
INTEGER_LITERAL 6
SEMICOLON
IDENTIFIER q
INCREMENT
SEMICOLON
IDENTIFIER z
DECREMENT
SEMICOLON
IDENTIFIER z
ASSIGN
INTEGER_LITERAL 7
PLUS
INTEGER_LITERAL 7
MINUS
IDENTIFIER z
SEMICOLON
