COMMENT
COMMENT
COMMENT
ARRAY
BOOLEAN
CHAR
ELSE
FALSE
FOR
FUNCTION
IF
INTEGER
PRINT
RETURN
STRING
TRUE
VOID
WHILE
COLON
SEMICOLON
COMMA
LSQBRACKET
RSQBRACKET
LBRACKET
RBRACKET
LPAREN
RPAREN
ASSIGN
EXPONENT
PLUS
MINUS
INCREMENT
DECREMENT
STAR
SLASH
MOD
EQ
GE
LE
LT
GT
NE
IDENTIFIER a
IDENTIFIER ab
IDENTIFIER ab3
IDENTIFIER ab3a
INTEGER_LITERAL 12314
INTEGER_LITERAL 1
INTEGER_LITERAL 12
INTEGER_LITERAL 123
CHARACTER_LITERAL A
STRING_LITERAL 
STRING_LITERAL a
STRING_LITERAL aa
