COMMENT
IDENTIFIER character
COLON
CHAR
ASSIGN
CHARACTER_LITERAL c
SEMICOLON
IDENTIFIER character
COLON
CHAR
ASSIGN
CHARACTER_LITERAL 

SEMICOLON
IDENTIFIER character
COLON
CHAR
ASSIGN
CHARACTER_LITERAL 
SEMICOLON
IDENTIFIER character
ASSIGN
CHARACTER_LITERAL 6
SEMICOLON
IDENTIFIER character
ASSIGN
CHARACTER_LITERAL c
IDENTIFIER character
ASSIGN
CHARACTER_LITERAL t
