COMMENT
IDENTIFIER str
COLON
STRING
ASSIGN
STRING_LITERAL 
SEMICOLON
IDENTIFIER str
COLON
STRING
ASSIGN
STRING_LITERAL we can write an escaped backslash \
SEMICOLON
STRING_LITERAL  "this is a unique test case " 
SEMICOLON
STRING_LITERAL  
 t 0
STRING_LITERAL e r y
IDENTIFIER str
COLON
STRING
ASSIGN
STRING_LITERAL single qoute ' or ' 
SEMICOLON
IDENTIFIER str
COLON
STRING
ASSIGN
STRING_LITERAL  double qoute " 
SEMICOLON
