COMMENT
IDENTIFIER bool
COLON
BOOLEAN
ASSIGN
TRUE
SEMICOLON
IDENTIFIER bool
COLON
BOOLEAN
ASSIGN
FALSE
SEMICOLON
IDENTIFIER bool
ASSIGN
INTEGER_LITERAL 5
GT
INTEGER_LITERAL 4
SEMICOLON
