IDENTIFIER main
COLON
FUNCTION
INTEGER
LPAREN
IDENTIFIER argc
COLON
INTEGER
COMMA
IDENTIFIER argv
COLON
ARRAY
LSQBRACKET
RSQBRACKET
STRING
RPAREN
ASSIGN
LBRACKET
RBRACKET
IDENTIFIER boolFunction
COLON
FUNCTION
BOOLEAN
LPAREN
IDENTIFIER intVar
COLON
INTEGER
RPAREN
ASSIGN
LBRACKET
RETURN
IDENTIFIER intVar
GT
INTEGER_LITERAL 5
SEMICOLON
RBRACKET
IDENTIFIER intFunction
COLON
FUNCTION
INTEGER
LPAREN
INTEGER
IDENTIFIER n
RPAREN
ASSIGN
LBRACKET
IDENTIFIER total
COLON
INTEGER
ASSIGN
INTEGER_LITERAL 0
SEMICOLON
IDENTIFIER int
IDENTIFIER count
SEMICOLON
FOR
LPAREN
IDENTIFIER count
ASSIGN
INTEGER_LITERAL 0
SEMICOLON
IDENTIFIER count
LT
IDENTIFIER n
PLUS
INTEGER_LITERAL 1
SEMICOLON
IDENTIFIER count
INCREMENT
RPAREN
LBRACKET
IDENTIFIER total
ASSIGN
IDENTIFIER total
PLUS
IDENTIFIER count
SEMICOLON
RBRACKET
