COMMENT
IDENTIFIER number
COLON
INTEGER
SEMICOLON
IDENTIFIER number
ASSIGN
INTEGER_LITERAL 56
SEMICOLON
IDENTIFIER number
ASSIGN
MINUS
INTEGER_LITERAL 56
SEMICOLON
IDENTIFIER number
ASSIGN
PLUS
INTEGER_LITERAL 56
SEMICOLON
IDENTIFIER number
ASSIGN
INTEGER_LITERAL 0005006
SEMICOLON
IDENTIFIER number
ASSIGN
PLUS
INTEGER_LITERAL 0005006
SEMICOLON
IDENTIFIER number
ASSIGN
MINUS
INTEGER_LITERAL 000050006
SEMICOLON
