COMMENT
IDENTIFIER z
ASSIGN
MINUS
LPAREN
INTEGER_LITERAL 5
STAR
INTEGER_LITERAL 4
RPAREN
SEMICOLON
IDENTIFIER z
ASSIGN
INTEGER_LITERAL 15
PLUS
INTEGER_LITERAL 5
MINUS
INTEGER_LITERAL 4
STAR
INTEGER_LITERAL 3
SLASH
INTEGER_LITERAL 7
SEMICOLON
IDENTIFIER z
ASSIGN
IDENTIFIER x
PLUS
LPAREN
IDENTIFIER y
STAR
INTEGER_LITERAL 5
MINUS
LPAREN
INTEGER_LITERAL 4
PLUS
INTEGER_LITERAL 20
SLASH
IDENTIFIER v
RPAREN
MINUS
INTEGER_LITERAL 15
RPAREN
MOD
INTEGER_LITERAL 6
PLUS
IDENTIFIER z
SEMICOLON
COMMENT
IDENTIFIER z
INCREMENT
PLUS
SEMICOLON
COMMENT
IDENTIFIER w
DECREMENT
MINUS
SEMICOLON
